2026-06-20 15:33:19.476 | INFO     | app.utils.logger:setup_logging:51 | Логирование настроено
2026-06-20 15:33:19.641 | INFO     | __main__:main:38 | ==================================================
2026-06-20 15:33:19.642 | INFO     | __main__:main:39 | Запуск приложения Delta Robot - G-code Sender
2026-06-20 15:33:19.642 | INFO     | __main__:main:40 | Python: 3.14.0 (tags/v3.14.0:ebf955d, Oct  7 2025, 10:15:03) [MSC v.1944 64 bit (AMD64)]
2026-06-20 15:33:19.642 | INFO     | __main__:main:41 | Рабочая директория: D:\github\delta-robot-program
2026-06-20 15:33:19.643 | INFO     | __main__:main:42 | ==================================================
2026-06-20 15:33:19.661 | INFO     | __main__:load_styles:19 | Стили загружены: app\ui\styles.qss
2026-06-20 15:33:19.661 | INFO     | __main__:main:57 | Создание главного окна...
2026-06-20 15:33:19.665 | INFO     | app.controllers.connection_controller:__init__:51 | ConnectionController инициализирован
2026-06-20 15:33:20.104 | INFO     | app.ui.coordinates_viewmodel:__init__:75 | CoordinatesViewModel инициализирован
2026-06-20 15:33:20.123 | INFO     | app.controllers.run_controller:__init__:50 | RunController инициализирован
2026-06-20 15:33:20.123 | INFO     | app.ui.main_window:_init_position_tracker:452 | PositionTracker: координаты по приращениям (обновление по ok)
2026-06-20 15:33:20.140 | INFO     | app.ui.main_window:_connect_signals:518 | Подключение сигналов...
2026-06-20 15:33:20.141 | INFO     | app.ui.main_window:_connect_signals:568 | Сигналы подключены
2026-06-20 15:33:20.141 | INFO     | app.ui.main_window:_load_settings:887 | Загрузка настроек...
2026-06-20 15:33:20.211 | DEBUG    | app.ui.main_window:_load_settings:893 | Геометрия восстановлена
2026-06-20 15:33:20.212 | DEBUG    | app.ui.main_window:_load_settings:899 | Состояние доков восстановлено
2026-06-20 15:33:20.212 | INFO     | app.ui.main_window:_load_settings:909 | Настройки загружены
2026-06-20 15:33:20.213 | INFO     | app.ui.main_window:_on_refresh_ports:574 | Обновление портов...
2026-06-20 15:33:20.214 | INFO     | app.controllers.connection_controller:refresh_ports:71 | Обновление списка портов...
2026-06-20 15:33:20.221 | INFO     | app.controllers.connection_controller:_on_ports_updated:120 | Получено портов: 1
2026-06-20 15:33:20.222 | INFO     | app.services.serial_manager:set_selected_port:324 | Выбран порт: COM3
2026-06-20 15:33:20.223 | INFO     | app.services.serial_manager:set_selected_port:324 | Выбран порт: COM3
2026-06-20 15:33:20.223 | INFO     | app.services.serial_manager:connect:372 | Подключение к COM3...
2026-06-20 15:33:20.247 | INFO     | __main__:main:61 | Приложение готово к работе
2026-06-20 15:33:20.248 | INFO     | __main__:main:62 | Нажмите Ctrl+C для выхода
2026-06-20 15:33:20.248 | INFO     | app.services.serial_manager:_connect:81 | Подключено к COM3
2026-06-20 15:33:20.296 | INFO     | app.services.serial_manager:_on_data_sent:458 | Порт открыт: COM3
2026-06-20 15:33:20.296 | INFO     | app.controllers.connection_controller:_on_manager_connected:100 | Подключено к COM3
2026-06-20 15:33:20.298 | INFO     | app.ui.main_window:_on_coordinates_connected:821 | Координаты по программному счётчику (обновление по ok)
2026-06-20 15:33:20.298 | INFO     | app.controllers.run_controller:_on_line_sent:188 | → Connected to COM3
2026-06-20 15:33:25.434 | INFO     | app.ui.main_window:closeEvent:913 | Закрытие приложения...
2026-06-20 15:33:25.435 | INFO     | app.controllers.connection_controller:disconnect_from_port:95 | Отключение...
2026-06-20 15:33:25.435 | INFO     | app.services.serial_manager:disconnect:381 | Отключение...
2026-06-20 15:33:25.435 | INFO     | app.controllers.connection_controller:_on_manager_disconnected:107 | Отключено
2026-06-20 15:33:25.436 | INFO     | app.ui.main_window:_on_coordinates_disconnected:827 | Автообновление координат выключено
2026-06-20 15:33:25.437 | INFO     | app.services.serial_manager:_disconnect:102 | Отключено
2026-06-20 15:33:25.569 | INFO     | app.ui.main_window:closeEvent:936 | Окно закрыто, настройки сохранены
2026-06-20 15:33:25.590 | INFO     | __main__:main:67 | Завершение работы приложения (код: 0)
2026-06-20 15:33:48.812 | INFO     | app.utils.logger:setup_logging:51 | Логирование настроено
2026-06-20 15:33:48.985 | INFO     | __main__:main:38 | ==================================================
2026-06-20 15:33:48.985 | INFO     | __main__:main:39 | Запуск приложения Delta Robot - G-code Sender
2026-06-20 15:33:48.985 | INFO     | __main__:main:40 | Python: 3.14.0 (tags/v3.14.0:ebf955d, Oct  7 2025, 10:15:03) [MSC v.1944 64 bit (AMD64)]
2026-06-20 15:33:48.986 | INFO     | __main__:main:41 | Рабочая директория: D:\github\delta-robot-program
2026-06-20 15:33:48.986 | INFO     | __main__:main:42 | ==================================================
2026-06-20 15:33:49.007 | INFO     | __main__:load_styles:19 | Стили загружены: app\ui\styles.qss
2026-06-20 15:33:49.007 | INFO     | __main__:main:57 | Создание главного окна...
2026-06-20 15:33:49.011 | INFO     | app.controllers.connection_controller:__init__:51 | ConnectionController инициализирован
2026-06-20 15:33:49.272 | INFO     | app.ui.coordinates_viewmodel:__init__:75 | CoordinatesViewModel инициализирован
2026-06-20 15:33:49.290 | INFO     | app.controllers.run_controller:__init__:50 | RunController инициализирован
2026-06-20 15:33:49.290 | INFO     | app.ui.main_window:_init_position_tracker:452 | PositionTracker: координаты по приращениям (обновление по ok)
2026-06-20 15:33:49.302 | INFO     | app.ui.main_window:_connect_signals:518 | Подключение сигналов...
2026-06-20 15:33:49.303 | INFO     | app.ui.main_window:_connect_signals:568 | Сигналы подключены
2026-06-20 15:33:49.303 | INFO     | app.ui.main_window:_load_settings:887 | Загрузка настроек...
2026-06-20 15:33:49.304 | DEBUG    | app.ui.main_window:_load_settings:893 | Геометрия восстановлена
2026-06-20 15:33:49.305 | DEBUG    | app.ui.main_window:_load_settings:899 | Состояние доков восстановлено
2026-06-20 15:33:49.305 | INFO     | app.ui.main_window:_load_settings:909 | Настройки загружены
2026-06-20 15:33:49.305 | INFO     | app.ui.main_window:_on_refresh_ports:574 | Обновление портов...
2026-06-20 15:33:49.307 | INFO     | app.controllers.connection_controller:refresh_ports:71 | Обновление списка портов...
2026-06-20 15:33:49.311 | INFO     | app.controllers.connection_controller:_on_ports_updated:120 | Получено портов: 1
2026-06-20 15:33:49.312 | INFO     | app.services.serial_manager:set_selected_port:324 | Выбран порт: COM3
2026-06-20 15:33:49.313 | INFO     | app.services.serial_manager:set_selected_port:324 | Выбран порт: COM3
2026-06-20 15:33:49.314 | INFO     | app.services.serial_manager:connect:372 | Подключение к COM3...
2026-06-20 15:33:49.395 | INFO     | __main__:main:61 | Приложение готово к работе
2026-06-20 15:33:49.395 | INFO     | __main__:main:62 | Нажмите Ctrl+C для выхода
2026-06-20 15:33:49.396 | INFO     | app.services.serial_manager:_connect:81 | Подключено к COM3
2026-06-20 15:33:49.460 | INFO     | app.services.serial_manager:_on_data_sent:458 | Порт открыт: COM3
2026-06-20 15:33:49.460 | INFO     | app.controllers.connection_controller:_on_manager_connected:100 | Подключено к COM3
2026-06-20 15:33:49.461 | INFO     | app.ui.main_window:_on_coordinates_connected:821 | Координаты по программному счётчику (обновление по ok)
2026-06-20 15:33:49.461 | INFO     | app.controllers.run_controller:_on_line_sent:188 | → Connected to COM3
2026-06-20 15:34:06.868 | INFO     | app.controllers.connection_controller:refresh_ports:71 | Обновление списка портов...
2026-06-20 15:34:06.873 | INFO     | app.controllers.connection_controller:_on_ports_updated:120 | Получено портов: 1
2026-06-20 15:34:06.875 | INFO     | app.services.serial_manager:set_selected_port:324 | Выбран порт: COM3
2026-06-20 15:34:06.876 | INFO     | app.services.serial_manager:set_selected_port:324 | Выбран порт: COM3
2026-06-20 15:34:07.384 | INFO     | app.controllers.connection_controller:refresh_ports:71 | Обновление списка портов...
2026-06-20 15:34:07.389 | INFO     | app.controllers.connection_controller:_on_ports_updated:120 | Получено портов: 1
2026-06-20 15:34:07.391 | INFO     | app.services.serial_manager:set_selected_port:324 | Выбран порт: COM3
2026-06-20 15:34:07.392 | INFO     | app.services.serial_manager:set_selected_port:324 | Выбран порт: COM3
2026-06-20 15:34:09.208 | INFO     | app.ui.main_window:_on_disconnect:592 | Отключение...
2026-06-20 15:34:09.210 | INFO     | app.services.serial_manager:force_close:338 | Принудительное закрытие порта COM3
2026-06-20 15:34:09.210 | INFO     | app.controllers.connection_controller:_on_manager_disconnected:107 | Отключено
2026-06-20 15:34:09.211 | INFO     | app.services.serial_manager:_disconnect:102 | Отключено
2026-06-20 15:34:09.212 | INFO     | app.ui.main_window:_on_coordinates_disconnected:827 | Автообновление координат выключено
2026-06-20 15:34:09.212 | INFO     | app.services.serial_manager:set_selected_port:324 | Выбран порт: None
2026-06-20 15:34:09.841 | INFO     | app.controllers.connection_controller:connect_to_port:86 | Подключение к COM3...
2026-06-20 15:34:09.842 | INFO     | app.services.serial_manager:connect:372 | Подключение к COM3...
2026-06-20 15:34:09.846 | INFO     | app.services.serial_manager:_connect:81 | Подключено к COM3
2026-06-20 15:34:09.847 | INFO     | app.services.serial_manager:_on_data_sent:458 | Порт открыт: COM3
2026-06-20 15:34:09.847 | INFO     | app.controllers.connection_controller:_on_manager_connected:100 | Подключено к COM3
2026-06-20 15:34:09.850 | INFO     | app.ui.main_window:_on_coordinates_connected:821 | Координаты по программному счётчику (обновление по ok)
2026-06-20 15:34:09.850 | INFO     | app.controllers.run_controller:_on_line_sent:188 | → Connected to COM3
2026-06-20 15:34:24.698 | INFO     | app.ui.main_window:closeEvent:913 | Закрытие приложения...
2026-06-20 15:34:24.698 | INFO     | app.controllers.connection_controller:disconnect_from_port:95 | Отключение...
2026-06-20 15:34:24.699 | INFO     | app.services.serial_manager:disconnect:381 | Отключение...
2026-06-20 15:34:24.700 | INFO     | app.controllers.connection_controller:_on_manager_disconnected:107 | Отключено
2026-06-20 15:34:24.701 | INFO     | app.services.serial_manager:_disconnect:102 | Отключено
2026-06-20 15:34:24.703 | INFO     | app.ui.main_window:_on_coordinates_disconnected:827 | Автообновление координат выключено
2026-06-20 15:34:24.737 | INFO     | app.ui.main_window:closeEvent:936 | Окно закрыто, настройки сохранены
2026-06-20 15:34:24.767 | INFO     | __main__:main:67 | Завершение работы приложения (код: 0)
2026-06-20 15:40:51.033 | INFO     | app.utils.logger:setup_logging:51 | Логирование настроено
2026-06-20 15:40:51.206 | INFO     | __main__:main:38 | ==================================================
2026-06-20 15:40:51.207 | INFO     | __main__:main:39 | Запуск приложения Delta Robot - G-code Sender
2026-06-20 15:40:51.207 | INFO     | __main__:main:40 | Python: 3.14.0 (tags/v3.14.0:ebf955d, Oct  7 2025, 10:15:03) [MSC v.1944 64 bit (AMD64)]
2026-06-20 15:40:51.207 | INFO     | __main__:main:41 | Рабочая директория: D:\github\delta-robot-program
2026-06-20 15:40:51.207 | INFO     | __main__:main:42 | ==================================================
2026-06-20 15:40:51.228 | INFO     | __main__:load_styles:19 | Стили загружены: app\ui\styles.qss
2026-06-20 15:40:51.229 | INFO     | __main__:main:57 | Создание главного окна...
2026-06-20 15:40:51.231 | INFO     | app.controllers.connection_controller:__init__:51 | ConnectionController инициализирован
2026-06-20 15:40:51.527 | INFO     | app.ui.coordinates_viewmodel:__init__:75 | CoordinatesViewModel инициализирован
2026-06-20 15:40:51.547 | INFO     | app.controllers.run_controller:__init__:50 | RunController инициализирован
2026-06-20 15:40:51.547 | INFO     | app.ui.main_window:_init_position_tracker:452 | PositionTracker: координаты по приращениям (обновление по ok)
2026-06-20 15:40:51.563 | INFO     | app.ui.main_window:_connect_signals:518 | Подключение сигналов...
2026-06-20 15:40:51.564 | INFO     | app.ui.main_window:_connect_signals:568 | Сигналы подключены
2026-06-20 15:40:51.564 | INFO     | app.ui.main_window:_load_settings:887 | Загрузка настроек...
2026-06-20 15:40:51.565 | DEBUG    | app.ui.main_window:_load_settings:893 | Геометрия восстановлена
2026-06-20 15:40:51.566 | DEBUG    | app.ui.main_window:_load_settings:899 | Состояние доков восстановлено
2026-06-20 15:40:51.567 | INFO     | app.ui.main_window:_load_settings:909 | Настройки загружены
2026-06-20 15:40:51.567 | INFO     | app.ui.main_window:_on_refresh_ports:574 | Обновление портов...
2026-06-20 15:40:51.569 | INFO     | app.controllers.connection_controller:refresh_ports:71 | Обновление списка портов...
2026-06-20 15:40:51.574 | INFO     | app.controllers.connection_controller:_on_ports_updated:120 | Получено портов: 1
2026-06-20 15:40:51.575 | INFO     | app.services.serial_manager:set_selected_port:324 | Выбран порт: COM3
2026-06-20 15:40:51.576 | INFO     | app.services.serial_manager:set_selected_port:324 | Выбран порт: COM3
2026-06-20 15:40:51.577 | INFO     | app.services.serial_manager:connect:372 | Подключение к COM3...
2026-06-20 15:40:51.665 | INFO     | __main__:main:61 | Приложение готово к работе
2026-06-20 15:40:51.666 | INFO     | __main__:main:62 | Нажмите Ctrl+C для выхода
2026-06-20 15:40:51.666 | INFO     | app.services.serial_manager:_connect:81 | Подключено к COM3
2026-06-20 15:40:51.717 | INFO     | app.services.serial_manager:_on_data_sent:458 | Порт открыт: COM3
2026-06-20 15:40:51.717 | INFO     | app.controllers.connection_controller:_on_manager_connected:100 | Подключено к COM3
2026-06-20 15:40:51.718 | INFO     | app.ui.main_window:_on_coordinates_connected:821 | Координаты по программному счётчику (обновление по ok)
2026-06-20 15:40:51.719 | INFO     | app.controllers.run_controller:_on_line_sent:188 | → Connected to COM3
2026-06-20 15:41:02.852 | INFO     | app.ui.main_window:closeEvent:913 | Закрытие приложения...
2026-06-20 15:41:02.853 | INFO     | app.controllers.connection_controller:disconnect_from_port:95 | Отключение...
2026-06-20 15:41:02.853 | INFO     | app.services.serial_manager:disconnect:381 | Отключение...
2026-06-20 15:41:02.854 | INFO     | app.controllers.connection_controller:_on_manager_disconnected:107 | Отключено
2026-06-20 15:41:02.855 | INFO     | app.ui.main_window:_on_coordinates_disconnected:827 | Автообновление координат выключено
2026-06-20 15:41:02.856 | INFO     | app.services.serial_manager:_disconnect:102 | Отключено
2026-06-20 15:41:02.912 | INFO     | app.ui.main_window:closeEvent:936 | Окно закрыто, настройки сохранены
2026-06-20 15:41:02.938 | INFO     | __main__:main:67 | Завершение работы приложения (код: 0)
2026-06-20 15:41:21.850 | INFO     | app.utils.logger:setup_logging:51 | Логирование настроено
2026-06-20 15:41:22.004 | INFO     | __main__:main:38 | ==================================================
2026-06-20 15:41:22.004 | INFO     | __main__:main:39 | Запуск приложения Delta Robot - G-code Sender
2026-06-20 15:41:22.004 | INFO     | __main__:main:40 | Python: 3.14.0 (tags/v3.14.0:ebf955d, Oct  7 2025, 10:15:03) [MSC v.1944 64 bit (AMD64)]
2026-06-20 15:41:22.005 | INFO     | __main__:main:41 | Рабочая директория: D:\github\delta-robot-program
2026-06-20 15:41:22.005 | INFO     | __main__:main:42 | ==================================================
2026-06-20 15:41:22.025 | INFO     | __main__:load_styles:19 | Стили загружены: app\ui\styles.qss
2026-06-20 15:41:22.025 | INFO     | __main__:main:57 | Создание главного окна...
2026-06-20 15:41:22.028 | INFO     | app.controllers.connection_controller:__init__:51 | ConnectionController инициализирован
2026-06-20 15:41:22.323 | INFO     | app.ui.coordinates_viewmodel:__init__:75 | CoordinatesViewModel инициализирован
2026-06-20 15:41:22.346 | INFO     | app.controllers.run_controller:__init__:50 | RunController инициализирован
2026-06-20 15:41:22.347 | INFO     | app.ui.main_window:_init_position_tracker:452 | PositionTracker: координаты по приращениям (обновление по ok)
2026-06-20 15:41:22.366 | INFO     | app.ui.main_window:_connect_signals:518 | Подключение сигналов...
2026-06-20 15:41:22.367 | INFO     | app.ui.main_window:_connect_signals:568 | Сигналы подключены
2026-06-20 15:41:22.367 | INFO     | app.ui.main_window:_load_settings:887 | Загрузка настроек...
2026-06-20 15:41:22.368 | DEBUG    | app.ui.main_window:_load_settings:893 | Геометрия восстановлена
2026-06-20 15:41:22.369 | DEBUG    | app.ui.main_window:_load_settings:899 | Состояние доков восстановлено
2026-06-20 15:41:22.369 | INFO     | app.ui.main_window:_load_settings:909 | Настройки загружены
2026-06-20 15:41:22.370 | INFO     | app.ui.main_window:_on_refresh_ports:574 | Обновление портов...
2026-06-20 15:41:22.372 | INFO     | app.controllers.connection_controller:refresh_ports:71 | Обновление списка портов...
2026-06-20 15:41:22.377 | INFO     | app.controllers.connection_controller:_on_ports_updated:120 | Получено портов: 1
2026-06-20 15:41:22.378 | INFO     | app.services.serial_manager:set_selected_port:324 | Выбран порт: COM3
2026-06-20 15:41:22.379 | INFO     | app.services.serial_manager:set_selected_port:324 | Выбран порт: COM3
2026-06-20 15:41:22.380 | INFO     | app.services.serial_manager:connect:372 | Подключение к COM3...
2026-06-20 15:41:22.460 | INFO     | __main__:main:61 | Приложение готово к работе
2026-06-20 15:41:22.461 | INFO     | __main__:main:62 | Нажмите Ctrl+C для выхода
2026-06-20 15:41:22.461 | INFO     | app.services.serial_manager:_connect:81 | Подключено к COM3
2026-06-20 15:41:22.493 | INFO     | app.services.serial_manager:_on_data_sent:458 | Порт открыт: COM3
2026-06-20 15:41:22.493 | INFO     | app.controllers.connection_controller:_on_manager_connected:100 | Подключено к COM3
2026-06-20 15:41:22.495 | INFO     | app.ui.main_window:_on_coordinates_connected:821 | Координаты по программному счётчику (обновление по ok)
2026-06-20 15:41:22.495 | INFO     | app.controllers.run_controller:_on_line_sent:188 | → Connected to COM3
2026-06-20 15:41:27.708 | INFO     | app.ui.main_window:closeEvent:913 | Закрытие приложения...
2026-06-20 15:41:27.708 | INFO     | app.controllers.connection_controller:disconnect_from_port:95 | Отключение...
2026-06-20 15:41:27.708 | INFO     | app.services.serial_manager:disconnect:381 | Отключение...
2026-06-20 15:41:27.709 | INFO     | app.controllers.connection_controller:_on_manager_disconnected:107 | Отключено
2026-06-20 15:41:27.709 | INFO     | app.ui.main_window:_on_coordinates_disconnected:827 | Автообновление координат выключено
2026-06-20 15:41:27.711 | INFO     | app.services.serial_manager:_disconnect:102 | Отключено
2026-06-20 15:41:27.722 | INFO     | app.ui.main_window:closeEvent:936 | Окно закрыто, настройки сохранены
2026-06-20 15:41:27.742 | INFO     | __main__:main:67 | Завершение работы приложения (код: 0)
